Archive member included to satisfy reference by file (symbol)

c:/progra~2/armgnu~1/12977f~1.2mp/bin/../lib/gcc/arm-none-eabi/12.2.1/thumb/v7-m/nofp\libg_nano.a(libc_a-exit.o)
                              c:/progra~2/armgnu~1/12977f~1.2mp/bin/../lib/gcc/arm-none-eabi/12.2.1/thumb/v7-m/nofp/crt0.o (exit)
c:/progra~2/armgnu~1/12977f~1.2mp/bin/../lib/gcc/arm-none-eabi/12.2.1/thumb/v7-m/nofp\libg_nano.a(libc_a-findfp.o)
                              c:/progra~2/armgnu~1/12977f~1.2mp/bin/../lib/gcc/arm-none-eabi/12.2.1/thumb/v7-m/nofp\libg_nano.a(libc_a-exit.o) (__stdio_exit_handler)
c:/progra~2/armgnu~1/12977f~1.2mp/bin/../lib/gcc/arm-none-eabi/12.2.1/thumb/v7-m/nofp\libg_nano.a(libc_a-fwalk.o)
                              c:/progra~2/armgnu~1/12977f~1.2mp/bin/../lib/gcc/arm-none-eabi/12.2.1/thumb/v7-m/nofp\libg_nano.a(libc_a-findfp.o) (_fwalk_sglue)
c:/progra~2/armgnu~1/12977f~1.2mp/bin/../lib/gcc/arm-none-eabi/12.2.1/thumb/v7-m/nofp\libg_nano.a(libc_a-stdio.o)
                              c:/progra~2/armgnu~1/12977f~1.2mp/bin/../lib/gcc/arm-none-eabi/12.2.1/thumb/v7-m/nofp\libg_nano.a(libc_a-findfp.o) (__sread)
c:/progra~2/armgnu~1/12977f~1.2mp/bin/../lib/gcc/arm-none-eabi/12.2.1/thumb/v7-m/nofp\libg_nano.a(libc_a-memset.o)
                              c:/progra~2/armgnu~1/12977f~1.2mp/bin/../lib/gcc/arm-none-eabi/12.2.1/thumb/v7-m/nofp/crt0.o (memset)
c:/progra~2/armgnu~1/12977f~1.2mp/bin/../lib/gcc/arm-none-eabi/12.2.1/thumb/v7-m/nofp\libg_nano.a(libc_a-closer.o)
                              c:/progra~2/armgnu~1/12977f~1.2mp/bin/../lib/gcc/arm-none-eabi/12.2.1/thumb/v7-m/nofp\libg_nano.a(libc_a-stdio.o) (_close_r)
c:/progra~2/armgnu~1/12977f~1.2mp/bin/../lib/gcc/arm-none-eabi/12.2.1/thumb/v7-m/nofp\libg_nano.a(libc_a-reent.o)
                              c:/progra~2/armgnu~1/12977f~1.2mp/bin/../lib/gcc/arm-none-eabi/12.2.1/thumb/v7-m/nofp\libg_nano.a(libc_a-closer.o) (errno)
c:/progra~2/armgnu~1/12977f~1.2mp/bin/../lib/gcc/arm-none-eabi/12.2.1/thumb/v7-m/nofp\libg_nano.a(libc_a-impure.o)
                              c:/progra~2/armgnu~1/12977f~1.2mp/bin/../lib/gcc/arm-none-eabi/12.2.1/thumb/v7-m/nofp\libg_nano.a(libc_a-reent.o) (_impure_ptr)
c:/progra~2/armgnu~1/12977f~1.2mp/bin/../lib/gcc/arm-none-eabi/12.2.1/thumb/v7-m/nofp\libg_nano.a(libc_a-lseekr.o)
                              c:/progra~2/armgnu~1/12977f~1.2mp/bin/../lib/gcc/arm-none-eabi/12.2.1/thumb/v7-m/nofp\libg_nano.a(libc_a-stdio.o) (_lseek_r)
c:/progra~2/armgnu~1/12977f~1.2mp/bin/../lib/gcc/arm-none-eabi/12.2.1/thumb/v7-m/nofp\libg_nano.a(libc_a-readr.o)
                              c:/progra~2/armgnu~1/12977f~1.2mp/bin/../lib/gcc/arm-none-eabi/12.2.1/thumb/v7-m/nofp\libg_nano.a(libc_a-stdio.o) (_read_r)
c:/progra~2/armgnu~1/12977f~1.2mp/bin/../lib/gcc/arm-none-eabi/12.2.1/thumb/v7-m/nofp\libg_nano.a(libc_a-writer.o)
                              c:/progra~2/armgnu~1/12977f~1.2mp/bin/../lib/gcc/arm-none-eabi/12.2.1/thumb/v7-m/nofp\libg_nano.a(libc_a-stdio.o) (_write_r)
c:/progra~2/armgnu~1/12977f~1.2mp/bin/../lib/gcc/arm-none-eabi/12.2.1/thumb/v7-m/nofp\libg_nano.a(libc_a-init.o)
                              c:/progra~2/armgnu~1/12977f~1.2mp/bin/../lib/gcc/arm-none-eabi/12.2.1/thumb/v7-m/nofp/crt0.o (__libc_init_array)
c:/progra~2/armgnu~1/12977f~1.2mp/bin/../lib/gcc/arm-none-eabi/12.2.1/thumb/v7-m/nofp\libg_nano.a(libc_a-lock.o)
                              c:/progra~2/armgnu~1/12977f~1.2mp/bin/../lib/gcc/arm-none-eabi/12.2.1/thumb/v7-m/nofp\libg_nano.a(libc_a-findfp.o) (__retarget_lock_init_recursive)
c:/progra~2/armgnu~1/12977f~1.2mp/bin/../lib/gcc/arm-none-eabi/12.2.1/thumb/v7-m/nofp\libg_nano.a(libc_a-freer.o)
                              c:/progra~2/armgnu~1/12977f~1.2mp/bin/../lib/gcc/arm-none-eabi/12.2.1/thumb/v7-m/nofp\libg_nano.a(libc_a-reent.o) (_free_r)
c:/progra~2/armgnu~1/12977f~1.2mp/bin/../lib/gcc/arm-none-eabi/12.2.1/thumb/v7-m/nofp\libg_nano.a(libc_a-mallocr.o)
                              c:/progra~2/armgnu~1/12977f~1.2mp/bin/../lib/gcc/arm-none-eabi/12.2.1/thumb/v7-m/nofp\libg_nano.a(libc_a-findfp.o) (_malloc_r)
c:/progra~2/armgnu~1/12977f~1.2mp/bin/../lib/gcc/arm-none-eabi/12.2.1/thumb/v7-m/nofp\libg_nano.a(libc_a-mlock.o)
                              c:/progra~2/armgnu~1/12977f~1.2mp/bin/../lib/gcc/arm-none-eabi/12.2.1/thumb/v7-m/nofp\libg_nano.a(libc_a-freer.o) (__malloc_lock)
c:/progra~2/armgnu~1/12977f~1.2mp/bin/../lib/gcc/arm-none-eabi/12.2.1/thumb/v7-m/nofp\libg_nano.a(libc_a-fflush.o)
                              c:/progra~2/armgnu~1/12977f~1.2mp/bin/../lib/gcc/arm-none-eabi/12.2.1/thumb/v7-m/nofp\libg_nano.a(libc_a-findfp.o) (_fflush_r)
c:/progra~2/armgnu~1/12977f~1.2mp/bin/../lib/gcc/arm-none-eabi/12.2.1/thumb/v7-m/nofp\libg_nano.a(libc_a-sbrkr.o)
                              c:/progra~2/armgnu~1/12977f~1.2mp/bin/../lib/gcc/arm-none-eabi/12.2.1/thumb/v7-m/nofp\libg_nano.a(libc_a-mallocr.o) (_sbrk_r)

Discarded input sections

 .text          0x00000000        0x0 c:/progra~2/armgnu~1/12977f~1.2mp/bin/../lib/gcc/arm-none-eabi/12.2.1/thumb/v7-m/nofp/crti.o
 .data          0x00000000        0x0 c:/progra~2/armgnu~1/12977f~1.2mp/bin/../lib/gcc/arm-none-eabi/12.2.1/thumb/v7-m/nofp/crti.o
 .bss           0x00000000        0x0 c:/progra~2/armgnu~1/12977f~1.2mp/bin/../lib/gcc/arm-none-eabi/12.2.1/thumb/v7-m/nofp/crti.o
 .text          0x00000000        0x0 c:/progra~2/armgnu~1/12977f~1.2mp/bin/../lib/gcc/arm-none-eabi/12.2.1/thumb/v7-m/nofp/crtbegin.o
 .data          0x00000000        0x0 c:/progra~2/armgnu~1/12977f~1.2mp/bin/../lib/gcc/arm-none-eabi/12.2.1/thumb/v7-m/nofp/crtbegin.o
 .bss           0x00000000        0x0 c:/progra~2/armgnu~1/12977f~1.2mp/bin/../lib/gcc/arm-none-eabi/12.2.1/thumb/v7-m/nofp/crtbegin.o
 .rodata.all_implied_fbits
                0x00000000       0x24 c:/progra~2/armgnu~1/12977f~1.2mp/bin/../lib/gcc/arm-none-eabi/12.2.1/thumb/v7-m/nofp/crtbegin.o
 .data.__dso_handle
                0x00000000        0x4 c:/progra~2/armgnu~1/12977f~1.2mp/bin/../lib/gcc/arm-none-eabi/12.2.1/thumb/v7-m/nofp/crtbegin.o
 .text          0x00000000       0x7c c:/progra~2/armgnu~1/12977f~1.2mp/bin/../lib/gcc/arm-none-eabi/12.2.1/thumb/v7-m/nofp/crt0.o
 .data          0x00000000        0x0 c:/progra~2/armgnu~1/12977f~1.2mp/bin/../lib/gcc/arm-none-eabi/12.2.1/thumb/v7-m/nofp/crt0.o
 .bss           0x00000000        0x0 c:/progra~2/armgnu~1/12977f~1.2mp/bin/../lib/gcc/arm-none-eabi/12.2.1/thumb/v7-m/nofp/crt0.o
 .ARM.extab     0x00000000        0x0 c:/progra~2/armgnu~1/12977f~1.2mp/bin/../lib/gcc/arm-none-eabi/12.2.1/thumb/v7-m/nofp/crt0.o
 .ARM.exidx     0x00000000       0x10 c:/progra~2/armgnu~1/12977f~1.2mp/bin/../lib/gcc/arm-none-eabi/12.2.1/thumb/v7-m/nofp/crt0.o
 .debug_line_str
                0x00000000       0xe2 c:/progra~2/armgnu~1/12977f~1.2mp/bin/../lib/gcc/arm-none-eabi/12.2.1/thumb/v7-m/nofp/crt0.o
 .ARM.attributes
                0x00000000       0x1b c:/progra~2/armgnu~1/12977f~1.2mp/bin/../lib/gcc/arm-none-eabi/12.2.1/thumb/v7-m/nofp/crt0.o
 .group         0x00000000        0xc CMakeFiles/GPIO_Bare_Metal.dir/Core/Src/gpio.c.obj
 .text          0x00000000        0x0 CMakeFiles/GPIO_Bare_Metal.dir/Core/Src/gpio.c.obj
 .data          0x00000000        0x0 CMakeFiles/GPIO_Bare_Metal.dir/Core/Src/gpio.c.obj
 .bss           0x00000000        0x0 CMakeFiles/GPIO_Bare_Metal.dir/Core/Src/gpio.c.obj
 .debug_info    0x00000000       0x22 CMakeFiles/GPIO_Bare_Metal.dir/Core/Src/gpio.c.obj
 .debug_abbrev  0x00000000       0x12 CMakeFiles/GPIO_Bare_Metal.dir/Core/Src/gpio.c.obj
 .debug_aranges
                0x00000000       0x18 CMakeFiles/GPIO_Bare_Metal.dir/Core/Src/gpio.c.obj
 .debug_macro   0x00000000       0x11 CMakeFiles/GPIO_Bare_Metal.dir/Core/Src/gpio.c.obj
 .debug_macro   0x00000000      0xac0 CMakeFiles/GPIO_Bare_Metal.dir/Core/Src/gpio.c.obj
 .debug_line    0x00000000       0x6d CMakeFiles/GPIO_Bare_Metal.dir/Core/Src/gpio.c.obj
 .debug_str     0x00000000     0x2e37 CMakeFiles/GPIO_Bare_Metal.dir/Core/Src/gpio.c.obj
 .comment       0x00000000       0x56 CMakeFiles/GPIO_Bare_Metal.dir/Core/Src/gpio.c.obj
 .ARM.attributes
                0x00000000       0x2d CMakeFiles/GPIO_Bare_Metal.dir/Core/Src/gpio.c.obj
 .group         0x00000000        0xc CMakeFiles/GPIO_Bare_Metal.dir/Core/Src/main.c.obj
 .group         0x00000000        0xc CMakeFiles/GPIO_Bare_Metal.dir/Core/Src/main.c.obj
 .group         0x00000000        0xc CMakeFiles/GPIO_Bare_Metal.dir/Core/Src/main.c.obj
 .group         0x00000000        0xc CMakeFiles/GPIO_Bare_Metal.dir/Core/Src/main.c.obj
 .group         0x00000000        0xc CMakeFiles/GPIO_Bare_Metal.dir/Core/Src/main.c.obj
 .group         0x00000000        0xc CMakeFiles/GPIO_Bare_Metal.dir/Core/Src/main.c.obj
 .group         0x00000000        0xc CMakeFiles/GPIO_Bare_Metal.dir/Core/Src/main.c.obj
 .group         0x00000000        0xc CMakeFiles/GPIO_Bare_Metal.dir/Core/Src/main.c.obj
 .group         0x00000000        0xc CMakeFiles/GPIO_Bare_Metal.dir/Core/Src/main.c.obj
 .group         0x00000000        0xc CMakeFiles/GPIO_Bare_Metal.dir/Core/Src/main.c.obj
 .group         0x00000000        0xc CMakeFiles/GPIO_Bare_Metal.dir/Core/Src/main.c.obj
 .group         0x00000000        0xc CMakeFiles/GPIO_Bare_Metal.dir/Core/Src/main.c.obj
 .group         0x00000000        0xc CMakeFiles/GPIO_Bare_Metal.dir/Core/Src/main.c.obj
 .group         0x00000000        0xc CMakeFiles/GPIO_Bare_Metal.dir/Core/Src/main.c.obj
 .group         0x00000000        0xc CMakeFiles/GPIO_Bare_Metal.dir/Core/Src/main.c.obj
 .group         0x00000000        0xc CMakeFiles/GPIO_Bare_Metal.dir/Core/Src/main.c.obj
 .group         0x00000000        0xc CMakeFiles/GPIO_Bare_Metal.dir/Core/Src/main.c.obj
 .group         0x00000000        0xc CMakeFiles/GPIO_Bare_Metal.dir/Core/Src/main.c.obj
 .group         0x00000000        0xc CMakeFiles/GPIO_Bare_Metal.dir/Core/Src/main.c.obj
 .group         0x00000000        0xc CMakeFiles/GPIO_Bare_Metal.dir/Core/Src/main.c.obj
 .group         0x00000000        0xc CMakeFiles/GPIO_Bare_Metal.dir/Core/Src/main.c.obj
 .group         0x00000000        0xc CMakeFiles/GPIO_Bare_Metal.dir/Core/Src/main.c.obj
 .group         0x00000000        0xc CMakeFiles/GPIO_Bare_Metal.dir/Core/Src/main.c.obj
 .group         0x00000000        0xc CMakeFiles/GPIO_Bare_Metal.dir/Core/Src/main.c.obj
 .group         0x00000000        0xc CMakeFiles/GPIO_Bare_Metal.dir/Core/Src/main.c.obj
 .group         0x00000000        0xc CMakeFiles/GPIO_Bare_Metal.dir/Core/Src/main.c.obj
 .group         0x00000000        0xc CMakeFiles/GPIO_Bare_Metal.dir/Core/Src/main.c.obj
 .group         0x00000000        0xc CMakeFiles/GPIO_Bare_Metal.dir/Core/Src/main.c.obj
 .group         0x00000000        0xc CMakeFiles/GPIO_Bare_Metal.dir/Core/Src/main.c.obj
 .group         0x00000000        0xc CMakeFiles/GPIO_Bare_Metal.dir/Core/Src/main.c.obj
 .group         0x00000000        0xc CMakeFiles/GPIO_Bare_Metal.dir/Core/Src/main.c.obj
 .group         0x00000000        0xc CMakeFiles/GPIO_Bare_Metal.dir/Core/Src/main.c.obj
 .group         0x00000000        0xc CMakeFiles/GPIO_Bare_Metal.dir/Core/Src/main.c.obj
 .text          0x00000000        0x0 CMakeFiles/GPIO_Bare_Metal.dir/Core/Src/main.c.obj
 .data          0x00000000        0x0 CMakeFiles/GPIO_Bare_Metal.dir/Core/Src/main.c.obj
 .bss           0x00000000        0x0 CMakeFiles/GPIO_Bare_Metal.dir/Core/Src/main.c.obj
 .debug_macro   0x00000000      0xac0 CMakeFiles/GPIO_Bare_Metal.dir/Core/Src/main.c.obj
 .group         0x00000000        0xc CMakeFiles/GPIO_Bare_Metal.dir/Core/Src/system_stm32f1xx.c.obj
 .group         0x00000000        0xc CMakeFiles/GPIO_Bare_Metal.dir/Core/Src/system_stm32f1xx.c.obj
 .group         0x00000000        0xc CMakeFiles/GPIO_Bare_Metal.dir/Core/Src/system_stm32f1xx.c.obj
 .group         0x00000000        0xc CMakeFiles/GPIO_Bare_Metal.dir/Core/Src/system_stm32f1xx.c.obj
 .group         0x00000000        0xc CMakeFiles/GPIO_Bare_Metal.dir/Core/Src/system_stm32f1xx.c.obj
 .group         0x00000000        0xc CMakeFiles/GPIO_Bare_Metal.dir/Core/Src/system_stm32f1xx.c.obj
 .group         0x00000000        0xc CMakeFiles/GPIO_Bare_Metal.dir/Core/Src/system_stm32f1xx.c.obj
 .group         0x00000000        0xc CMakeFiles/GPIO_Bare_Metal.dir/Core/Src/system_stm32f1xx.c.obj
 .group         0x00000000        0xc CMakeFiles/GPIO_Bare_Metal.dir/Core/Src/system_stm32f1xx.c.obj
 .group         0x00000000        0xc CMakeFiles/GPIO_Bare_Metal.dir/Core/Src/system_stm32f1xx.c.obj
 .group         0x00000000        0xc CMakeFiles/GPIO_Bare_Metal.dir/Core/Src/system_stm32f1xx.c.obj
 .group         0x00000000        0xc CMakeFiles/GPIO_Bare_Metal.dir/Core/Src/system_stm32f1xx.c.obj
 .group         0x00000000        0xc CMakeFiles/GPIO_Bare_Metal.dir/Core/Src/system_stm32f1xx.c.obj
 .group         0x00000000        0xc CMakeFiles/GPIO_Bare_Metal.dir/Core/Src/system_stm32f1xx.c.obj
 .group         0x00000000        0xc CMakeFiles/GPIO_Bare_Metal.dir/Core/Src/system_stm32f1xx.c.obj
 .text          0x00000000        0x0 CMakeFiles/GPIO_Bare_Metal.dir/Core/Src/system_stm32f1xx.c.obj
 .data          0x00000000        0x0 CMakeFiles/GPIO_Bare_Metal.dir/Core/Src/system_stm32f1xx.c.obj
 .bss           0x00000000        0x0 CMakeFiles/GPIO_Bare_Metal.dir/Core/Src/system_stm32f1xx.c.obj
 .data.SystemCoreClock
                0x00000000        0x4 CMakeFiles/GPIO_Bare_Metal.dir/Core/Src/system_stm32f1xx.c.obj
 .rodata.AHBPrescTable
                0x00000000       0x10 CMakeFiles/GPIO_Bare_Metal.dir/Core/Src/system_stm32f1xx.c.obj
 .rodata.APBPrescTable
                0x00000000        0x8 CMakeFiles/GPIO_Bare_Metal.dir/Core/Src/system_stm32f1xx.c.obj
 .text.SystemCoreClockUpdate
                0x00000000       0xe4 CMakeFiles/GPIO_Bare_Metal.dir/Core/Src/system_stm32f1xx.c.obj
 .debug_macro   0x00000000      0xac0 CMakeFiles/GPIO_Bare_Metal.dir/Core/Src/system_stm32f1xx.c.obj
 .debug_macro   0x00000000       0x2e CMakeFiles/GPIO_Bare_Metal.dir/Core/Src/system_stm32f1xx.c.obj
 .debug_macro   0x00000000       0x22 CMakeFiles/GPIO_Bare_Metal.dir/Core/Src/system_stm32f1xx.c.obj
 .debug_macro   0x00000000       0x22 CMakeFiles/GPIO_Bare_Metal.dir/Core/Src/system_stm32f1xx.c.obj
 .debug_macro   0x00000000       0x8e CMakeFiles/GPIO_Bare_Metal.dir/Core/Src/system_stm32f1xx.c.obj
 .debug_macro   0x00000000       0x51 CMakeFiles/GPIO_Bare_Metal.dir/Core/Src/system_stm32f1xx.c.obj
 .debug_macro   0x00000000      0x103 CMakeFiles/GPIO_Bare_Metal.dir/Core/Src/system_stm32f1xx.c.obj
 .debug_macro   0x00000000       0x6a CMakeFiles/GPIO_Bare_Metal.dir/Core/Src/system_stm32f1xx.c.obj
 .debug_macro   0x00000000      0x1df CMakeFiles/GPIO_Bare_Metal.dir/Core/Src/system_stm32f1xx.c.obj
 .debug_macro   0x00000000       0x1c CMakeFiles/GPIO_Bare_Metal.dir/Core/Src/system_stm32f1xx.c.obj
 .debug_macro   0x00000000       0x22 CMakeFiles/GPIO_Bare_Metal.dir/Core/Src/system_stm32f1xx.c.obj
 .debug_macro   0x00000000       0xbd CMakeFiles/GPIO_Bare_Metal.dir/Core/Src/system_stm32f1xx.c.obj
 .debug_macro   0x00000000      0xd23 CMakeFiles/GPIO_Bare_Metal.dir/Core/Src/system_stm32f1xx.c.obj
 .debug_macro   0x00000000     0xe09e CMakeFiles/GPIO_Bare_Metal.dir/Core/Src/system_stm32f1xx.c.obj
 .debug_macro   0x00000000       0x6d CMakeFiles/GPIO_Bare_Metal.dir/Core/Src/system_stm32f1xx.c.obj
 .text          0x00000000       0x14 CMakeFiles/GPIO_Bare_Metal.dir/startup_stm32f103xb.s.obj
 .data          0x00000000        0x0 CMakeFiles/GPIO_Bare_Metal.dir/startup_stm32f103xb.s.obj
 .bss           0x00000000        0x0 CMakeFiles/GPIO_Bare_Metal.dir/startup_stm32f103xb.s.obj
 .text          0x00000000        0x0 c:/progra~2/armgnu~1/12977f~1.2mp/bin/../lib/gcc/arm-none-eabi/12.2.1/thumb/v7-m/nofp\libg_nano.a(libc_a-exit.o)
 .data          0x00000000        0x0 c:/progra~2/armgnu~1/12977f~1.2mp/bin/../lib/gcc/arm-none-eabi/12.2.1/thumb/v7-m/nofp\libg_nano.a(libc_a-exit.o)
 .bss           0x00000000        0x0 c:/progra~2/armgnu~1/12977f~1.2mp/bin/../lib/gcc/arm-none-eabi/12.2.1/thumb/v7-m/nofp\libg_nano.a(libc_a-exit.o)
 .text.exit     0x00000000       0x24 c:/progra~2/armgnu~1/12977f~1.2mp/bin/../lib/gcc/arm-none-eabi/12.2.1/thumb/v7-m/nofp\libg_nano.a(libc_a-exit.o)
 .debug_frame   0x00000000       0x28 c:/progra~2/armgnu~1/12977f~1.2mp/bin/../lib/gcc/arm-none-eabi/12.2.1/thumb/v7-m/nofp\libg_nano.a(libc_a-exit.o)
 .ARM.attributes
                0x00000000       0x2d c:/progra~2/armgnu~1/12977f~1.2mp/bin/../lib/gcc/arm-none-eabi/12.2.1/thumb/v7-m/nofp\libg_nano.a(libc_a-exit.o)
 .text          0x00000000        0x0 c:/progra~2/armgnu~1/12977f~1.2mp/bin/../lib/gcc/arm-none-eabi/12.2.1/thumb/v7-m/nofp\libg_nano.a(libc_a-findfp.o)
 .data          0x00000000        0x0 c:/progra~2/armgnu~1/12977f~1.2mp/bin/../lib/gcc/arm-none-eabi/12.2.1/thumb/v7-m/nofp\libg_nano.a(libc_a-findfp.o)
 .bss           0x00000000        0x0 c:/progra~2/armgnu~1/12977f~1.2mp/bin/../lib/gcc/arm-none-eabi/12.2.1/thumb/v7-m/nofp\libg_nano.a(libc_a-findfp.o)
 .text.std      0x00000000       0x6c c:/progra~2/armgnu~1/12977f~1.2mp/bin/../lib/gcc/arm-none-eabi/12.2.1/thumb/v7-m/nofp\libg_nano.a(libc_a-findfp.o)
 .text.stdio_exit_handler
                0x00000000       0x18 c:/progra~2/armgnu~1/12977f~1.2mp/bin/../lib/gcc/arm-none-eabi/12.2.1/thumb/v7-m/nofp\libg_nano.a(libc_a-findfp.o)
 .text.cleanup_stdio
                0x00000000       0x40 c:/progra~2/armgnu~1/12977f~1.2mp/bin/../lib/gcc/arm-none-eabi/12.2.1/thumb/v7-m/nofp\libg_nano.a(libc_a-findfp.o)
 .text.__fp_lock
                0x00000000       0x18 c:/progra~2/armgnu~1/12977f~1.2mp/bin/../lib/gcc/arm-none-eabi/12.2.1/thumb/v7-m/nofp\libg_nano.a(libc_a-findfp.o)
 .text.__fp_unlock
                0x00000000       0x18 c:/progra~2/armgnu~1/12977f~1.2mp/bin/../lib/gcc/arm-none-eabi/12.2.1/thumb/v7-m/nofp\libg_nano.a(libc_a-findfp.o)
 .text.global_stdio_init.part.0
                0x00000000       0x3c c:/progra~2/armgnu~1/12977f~1.2mp/bin/../lib/gcc/arm-none-eabi/12.2.1/thumb/v7-m/nofp\libg_nano.a(libc_a-findfp.o)
 .text.__sfp_lock_acquire
                0x00000000        0xc c:/progra~2/armgnu~1/12977f~1.2mp/bin/../lib/gcc/arm-none-eabi/12.2.1/thumb/v7-m/nofp\libg_nano.a(libc_a-findfp.o)
 .text.__sfp_lock_release
                0x00000000        0xc c:/progra~2/armgnu~1/12977f~1.2mp/bin/../lib/gcc/arm-none-eabi/12.2.1/thumb/v7-m/nofp\libg_nano.a(libc_a-findfp.o)
 .text.__sfp    0x00000000       0xa4 c:/progra~2/armgnu~1/12977f~1.2mp/bin/../lib/gcc/arm-none-eabi/12.2.1/thumb/v7-m/nofp\libg_nano.a(libc_a-findfp.o)
 .text.__sinit  0x00000000       0x30 c:/progra~2/armgnu~1/12977f~1.2mp/bin/../lib/gcc/arm-none-eabi/12.2.1/thumb/v7-m/nofp\libg_nano.a(libc_a-findfp.o)
 .text.__fp_lock_all
                0x00000000       0x1c c:/progra~2/armgnu~1/12977f~1.2mp/bin/../lib/gcc/arm-none-eabi/12.2.1/thumb/v7-m/nofp\libg_nano.a(libc_a-findfp.o)
 .text.__fp_unlock_all
                0x00000000       0x1c c:/progra~2/armgnu~1/12977f~1.2mp/bin/../lib/gcc/arm-none-eabi/12.2.1/thumb/v7-m/nofp\libg_nano.a(libc_a-findfp.o)
 .data.__sglue  0x00000000        0xc c:/progra~2/armgnu~1/12977f~1.2mp/bin/../lib/gcc/arm-none-eabi/12.2.1/thumb/v7-m/nofp\libg_nano.a(libc_a-findfp.o)
 .bss.__sf      0x00000000      0x138 c:/progra~2/armgnu~1/12977f~1.2mp/bin/../lib/gcc/arm-none-eabi/12.2.1/thumb/v7-m/nofp\libg_nano.a(libc_a-findfp.o)
 .bss.__stdio_exit_handler
                0x00000000        0x4 c:/progra~2/armgnu~1/12977f~1.2mp/bin/../lib/gcc/arm-none-eabi/12.2.1/thumb/v7-m/nofp\libg_nano.a(libc_a-findfp.o)
 .debug_frame   0x00000000      0x144 c:/progra~2/armgnu~1/12977f~1.2mp/bin/../lib/gcc/arm-none-eabi/12.2.1/thumb/v7-m/nofp\libg_nano.a(libc_a-findfp.o)
 .ARM.attributes
                0x00000000       0x2d c:/progra~2/armgnu~1/12977f~1.2mp/bin/../lib/gcc/arm-none-eabi/12.2.1/thumb/v7-m/nofp\libg_nano.a(libc_a-findfp.o)
 .text          0x00000000        0x0 c:/progra~2/armgnu~1/12977f~1.2mp/bin/../lib/gcc/arm-none-eabi/12.2.1/thumb/v7-m/nofp\libg_nano.a(libc_a-fwalk.o)
 .data          0x00000000        0x0 c:/progra~2/armgnu~1/12977f~1.2mp/bin/../lib/gcc/arm-none-eabi/12.2.1/thumb/v7-m/nofp\libg_nano.a(libc_a-fwalk.o)
 .bss           0x00000000        0x0 c:/progra~2/armgnu~1/12977f~1.2mp/bin/../lib/gcc/arm-none-eabi/12.2.1/thumb/v7-m/nofp\libg_nano.a(libc_a-fwalk.o)
 .text._fwalk_sglue
                0x00000000       0x3c c:/progra~2/armgnu~1/12977f~1.2mp/bin/../lib/gcc/arm-none-eabi/12.2.1/thumb/v7-m/nofp\libg_nano.a(libc_a-fwalk.o)
 .debug_frame   0x00000000       0x34 c:/progra~2/armgnu~1/12977f~1.2mp/bin/../lib/gcc/arm-none-eabi/12.2.1/thumb/v7-m/nofp\libg_nano.a(libc_a-fwalk.o)
 .ARM.attributes
                0x00000000       0x2d c:/progra~2/armgnu~1/12977f~1.2mp/bin/../lib/gcc/arm-none-eabi/12.2.1/thumb/v7-m/nofp\libg_nano.a(libc_a-fwalk.o)
 .text          0x00000000        0x0 c:/progra~2/armgnu~1/12977f~1.2mp/bin/../lib/gcc/arm-none-eabi/12.2.1/thumb/v7-m/nofp\libg_nano.a(libc_a-stdio.o)
 .data          0x00000000        0x0 c:/progra~2/armgnu~1/12977f~1.2mp/bin/../lib/gcc/arm-none-eabi/12.2.1/thumb/v7-m/nofp\libg_nano.a(libc_a-stdio.o)
 .bss           0x00000000        0x0 c:/progra~2/armgnu~1/12977f~1.2mp/bin/../lib/gcc/arm-none-eabi/12.2.1/thumb/v7-m/nofp\libg_nano.a(libc_a-stdio.o)
 .text.__sread  0x00000000       0x22 c:/progra~2/armgnu~1/12977f~1.2mp/bin/../lib/gcc/arm-none-eabi/12.2.1/thumb/v7-m/nofp\libg_nano.a(libc_a-stdio.o)
 .text.__seofread
                0x00000000        0x4 c:/progra~2/armgnu~1/12977f~1.2mp/bin/../lib/gcc/arm-none-eabi/12.2.1/thumb/v7-m/nofp\libg_nano.a(libc_a-stdio.o)
 .text.__swrite
                0x00000000       0x38 c:/progra~2/armgnu~1/12977f~1.2mp/bin/../lib/gcc/arm-none-eabi/12.2.1/thumb/v7-m/nofp\libg_nano.a(libc_a-stdio.o)
 .text.__sseek  0x00000000       0x24 c:/progra~2/armgnu~1/12977f~1.2mp/bin/../lib/gcc/arm-none-eabi/12.2.1/thumb/v7-m/nofp\libg_nano.a(libc_a-stdio.o)
 .text.__sclose
                0x00000000        0x8 c:/progra~2/armgnu~1/12977f~1.2mp/bin/../lib/gcc/arm-none-eabi/12.2.1/thumb/v7-m/nofp\libg_nano.a(libc_a-stdio.o)
 .debug_frame   0x00000000       0x88 c:/progra~2/armgnu~1/12977f~1.2mp/bin/../lib/gcc/arm-none-eabi/12.2.1/thumb/v7-m/nofp\libg_nano.a(libc_a-stdio.o)
 .ARM.attributes
                0x00000000       0x2d c:/progra~2/armgnu~1/12977f~1.2mp/bin/../lib/gcc/arm-none-eabi/12.2.1/thumb/v7-m/nofp\libg_nano.a(libc_a-stdio.o)
 .text          0x00000000        0x0 c:/progra~2/armgnu~1/12977f~1.2mp/bin/../lib/gcc/arm-none-eabi/12.2.1/thumb/v7-m/nofp\libg_nano.a(libc_a-memset.o)
 .data          0x00000000        0x0 c:/progra~2/armgnu~1/12977f~1.2mp/bin/../lib/gcc/arm-none-eabi/12.2.1/thumb/v7-m/nofp\libg_nano.a(libc_a-memset.o)
 .bss           0x00000000        0x0 c:/progra~2/armgnu~1/12977f~1.2mp/bin/../lib/gcc/arm-none-eabi/12.2.1/thumb/v7-m/nofp\libg_nano.a(libc_a-memset.o)
 .text.memset   0x00000000       0x10 c:/progra~2/armgnu~1/12977f~1.2mp/bin/../lib/gcc/arm-none-eabi/12.2.1/thumb/v7-m/nofp\libg_nano.a(libc_a-memset.o)
 .debug_frame   0x00000000       0x20 c:/progra~2/armgnu~1/12977f~1.2mp/bin/../lib/gcc/arm-none-eabi/12.2.1/thumb/v7-m/nofp\libg_nano.a(libc_a-memset.o)
 .ARM.attributes
                0x00000000       0x2d c:/progra~2/armgnu~1/12977f~1.2mp/bin/../lib/gcc/arm-none-eabi/12.2.1/thumb/v7-m/nofp\libg_nano.a(libc_a-memset.o)
 .text          0x00000000        0x0 c:/progra~2/armgnu~1/12977f~1.2mp/bin/../lib/gcc/arm-none-eabi/12.2.1/thumb/v7-m/nofp\libg_nano.a(libc_a-closer.o)
 .data          0x00000000        0x0 c:/progra~2/armgnu~1/12977f~1.2mp/bin/../lib/gcc/arm-none-eabi/12.2.1/thumb/v7-m/nofp\libg_nano.a(libc_a-closer.o)
 .bss           0x00000000        0x0 c:/progra~2/armgnu~1/12977f~1.2mp/bin/../lib/gcc/arm-none-eabi/12.2.1/thumb/v7-m/nofp\libg_nano.a(libc_a-closer.o)
 .text._close_r
                0x00000000       0x20 c:/progra~2/armgnu~1/12977f~1.2mp/bin/../lib/gcc/arm-none-eabi/12.2.1/thumb/v7-m/nofp\libg_nano.a(libc_a-closer.o)
 .debug_frame   0x00000000       0x2c c:/progra~2/armgnu~1/12977f~1.2mp/bin/../lib/gcc/arm-none-eabi/12.2.1/thumb/v7-m/nofp\libg_nano.a(libc_a-closer.o)
 .ARM.attributes
                0x00000000       0x2d c:/progra~2/armgnu~1/12977f~1.2mp/bin/../lib/gcc/arm-none-eabi/12.2.1/thumb/v7-m/nofp\libg_nano.a(libc_a-closer.o)
 .text          0x00000000        0x0 c:/progra~2/armgnu~1/12977f~1.2mp/bin/../lib/gcc/arm-none-eabi/12.2.1/thumb/v7-m/nofp\libg_nano.a(libc_a-reent.o)
 .data          0x00000000        0x0 c:/progra~2/armgnu~1/12977f~1.2mp/bin/../lib/gcc/arm-none-eabi/12.2.1/thumb/v7-m/nofp\libg_nano.a(libc_a-reent.o)
 .bss           0x00000000        0x0 c:/progra~2/armgnu~1/12977f~1.2mp/bin/../lib/gcc/arm-none-eabi/12.2.1/thumb/v7-m/nofp\libg_nano.a(libc_a-reent.o)
 .text._reclaim_reent
                0x00000000       0xac c:/progra~2/armgnu~1/12977f~1.2mp/bin/../lib/gcc/arm-none-eabi/12.2.1/thumb/v7-m/nofp\libg_nano.a(libc_a-reent.o)
 .bss.errno     0x00000000        0x4 c:/progra~2/armgnu~1/12977f~1.2mp/bin/../lib/gcc/arm-none-eabi/12.2.1/thumb/v7-m/nofp\libg_nano.a(libc_a-reent.o)
 .debug_frame   0x00000000       0x38 c:/progra~2/armgnu~1/12977f~1.2mp/bin/../lib/gcc/arm-none-eabi/12.2.1/thumb/v7-m/nofp\libg_nano.a(libc_a-reent.o)
 .ARM.attributes
                0x00000000       0x2d c:/progra~2/armgnu~1/12977f~1.2mp/bin/../lib/gcc/arm-none-eabi/12.2.1/thumb/v7-m/nofp\libg_nano.a(libc_a-reent.o)
 .text          0x00000000        0x0 c:/progra~2/armgnu~1/12977f~1.2mp/bin/../lib/gcc/arm-none-eabi/12.2.1/thumb/v7-m/nofp\libg_nano.a(libc_a-impure.o)
 .data          0x00000000        0x0 c:/progra~2/armgnu~1/12977f~1.2mp/bin/../lib/gcc/arm-none-eabi/12.2.1/thumb/v7-m/nofp\libg_nano.a(libc_a-impure.o)
 .bss           0x00000000        0x0 c:/progra~2/armgnu~1/12977f~1.2mp/bin/../lib/gcc/arm-none-eabi/12.2.1/thumb/v7-m/nofp\libg_nano.a(libc_a-impure.o)
 .data._impure_ptr
                0x00000000        0x4 c:/progra~2/armgnu~1/12977f~1.2mp/bin/../lib/gcc/arm-none-eabi/12.2.1/thumb/v7-m/nofp\libg_nano.a(libc_a-impure.o)
 .data._impure_data
                0x00000000       0x4c c:/progra~2/armgnu~1/12977f~1.2mp/bin/../lib/gcc/arm-none-eabi/12.2.1/thumb/v7-m/nofp\libg_nano.a(libc_a-impure.o)
 .ARM.attributes
                0x00000000       0x2d c:/progra~2/armgnu~1/12977f~1.2mp/bin/../lib/gcc/arm-none-eabi/12.2.1/thumb/v7-m/nofp\libg_nano.a(libc_a-impure.o)
 .text          0x00000000        0x0 c:/progra~2/armgnu~1/12977f~1.2mp/bin/../lib/gcc/arm-none-eabi/12.2.1/thumb/v7-m/nofp\libg_nano.a(libc_a-lseekr.o)
 .data          0x00000000        0x0 c:/progra~2/armgnu~1/12977f~1.2mp/bin/../lib/gcc/arm-none-eabi/12.2.1/thumb/v7-m/nofp\libg_nano.a(libc_a-lseekr.o)
 .bss           0x00000000        0x0 c:/progra~2/armgnu~1/12977f~1.2mp/bin/../lib/gcc/arm-none-eabi/12.2.1/thumb/v7-m/nofp\libg_nano.a(libc_a-lseekr.o)
 .text._lseek_r
                0x00000000       0x24 c:/progra~2/armgnu~1/12977f~1.2mp/bin/../lib/gcc/arm-none-eabi/12.2.1/thumb/v7-m/nofp\libg_nano.a(libc_a-lseekr.o)
 .debug_frame   0x00000000       0x2c c:/progra~2/armgnu~1/12977f~1.2mp/bin/../lib/gcc/arm-none-eabi/12.2.1/thumb/v7-m/nofp\libg_nano.a(libc_a-lseekr.o)
 .ARM.attributes
                0x00000000       0x2d c:/progra~2/armgnu~1/12977f~1.2mp/bin/../lib/gcc/arm-none-eabi/12.2.1/thumb/v7-m/nofp\libg_nano.a(libc_a-lseekr.o)
 .text          0x00000000        0x0 c:/progra~2/armgnu~1/12977f~1.2mp/bin/../lib/gcc/arm-none-eabi/12.2.1/thumb/v7-m/nofp\libg_nano.a(libc_a-readr.o)
 .data          0x00000000        0x0 c:/progra~2/armgnu~1/12977f~1.2mp/bin/../lib/gcc/arm-none-eabi/12.2.1/thumb/v7-m/nofp\libg_nano.a(libc_a-readr.o)
 .bss           0x00000000        0x0 c:/progra~2/armgnu~1/12977f~1.2mp/bin/../lib/gcc/arm-none-eabi/12.2.1/thumb/v7-m/nofp\libg_nano.a(libc_a-readr.o)
 .text._read_r  0x00000000       0x24 c:/progra~2/armgnu~1/12977f~1.2mp/bin/../lib/gcc/arm-none-eabi/12.2.1/thumb/v7-m/nofp\libg_nano.a(libc_a-readr.o)
 .debug_frame   0x00000000       0x2c c:/progra~2/armgnu~1/12977f~1.2mp/bin/../lib/gcc/arm-none-eabi/12.2.1/thumb/v7-m/nofp\libg_nano.a(libc_a-readr.o)
 .ARM.attributes
                0x00000000       0x2d c:/progra~2/armgnu~1/12977f~1.2mp/bin/../lib/gcc/arm-none-eabi/12.2.1/thumb/v7-m/nofp\libg_nano.a(libc_a-readr.o)
 .text          0x00000000        0x0 c:/progra~2/armgnu~1/12977f~1.2mp/bin/../lib/gcc/arm-none-eabi/12.2.1/thumb/v7-m/nofp\libg_nano.a(libc_a-writer.o)
 .data          0x00000000        0x0 c:/progra~2/armgnu~1/12977f~1.2mp/bin/../lib/gcc/arm-none-eabi/12.2.1/thumb/v7-m/nofp\libg_nano.a(libc_a-writer.o)
 .bss           0x00000000        0x0 c:/progra~2/armgnu~1/12977f~1.2mp/bin/../lib/gcc/arm-none-eabi/12.2.1/thumb/v7-m/nofp\libg_nano.a(libc_a-writer.o)
 .text._write_r
                0x00000000       0x24 c:/progra~2/armgnu~1/12977f~1.2mp/bin/../lib/gcc/arm-none-eabi/12.2.1/thumb/v7-m/nofp\libg_nano.a(libc_a-writer.o)
 .debug_frame   0x00000000       0x2c c:/progra~2/armgnu~1/12977f~1.2mp/bin/../lib/gcc/arm-none-eabi/12.2.1/thumb/v7-m/nofp\libg_nano.a(libc_a-writer.o)
 .ARM.attributes
                0x00000000       0x2d c:/progra~2/armgnu~1/12977f~1.2mp/bin/../lib/gcc/arm-none-eabi/12.2.1/thumb/v7-m/nofp\libg_nano.a(libc_a-writer.o)
 .text          0x00000000        0x0 c:/progra~2/armgnu~1/12977f~1.2mp/bin/../lib/gcc/arm-none-eabi/12.2.1/thumb/v7-m/nofp\libg_nano.a(libc_a-init.o)
 .data          0x00000000        0x0 c:/progra~2/armgnu~1/12977f~1.2mp/bin/../lib/gcc/arm-none-eabi/12.2.1/thumb/v7-m/nofp\libg_nano.a(libc_a-init.o)
 .bss           0x00000000        0x0 c:/progra~2/armgnu~1/12977f~1.2mp/bin/../lib/gcc/arm-none-eabi/12.2.1/thumb/v7-m/nofp\libg_nano.a(libc_a-init.o)
 .text          0x00000000        0x0 c:/progra~2/armgnu~1/12977f~1.2mp/bin/../lib/gcc/arm-none-eabi/12.2.1/thumb/v7-m/nofp\libg_nano.a(libc_a-lock.o)
 .data          0x00000000        0x0 c:/progra~2/armgnu~1/12977f~1.2mp/bin/../lib/gcc/arm-none-eabi/12.2.1/thumb/v7-m/nofp\libg_nano.a(libc_a-lock.o)
 .bss           0x00000000        0x0 c:/progra~2/armgnu~1/12977f~1.2mp/bin/../lib/gcc/arm-none-eabi/12.2.1/thumb/v7-m/nofp\libg_nano.a(libc_a-lock.o)
 .text.__retarget_lock_init
                0x00000000        0x2 c:/progra~2/armgnu~1/12977f~1.2mp/bin/../lib/gcc/arm-none-eabi/12.2.1/thumb/v7-m/nofp\libg_nano.a(libc_a-lock.o)
 .text.__retarget_lock_init_recursive
                0x00000000        0x2 c:/progra~2/armgnu~1/12977f~1.2mp/bin/../lib/gcc/arm-none-eabi/12.2.1/thumb/v7-m/nofp\libg_nano.a(libc_a-lock.o)
 .text.__retarget_lock_close
                0x00000000        0x2 c:/progra~2/armgnu~1/12977f~1.2mp/bin/../lib/gcc/arm-none-eabi/12.2.1/thumb/v7-m/nofp\libg_nano.a(libc_a-lock.o)
 .text.__retarget_lock_close_recursive
                0x00000000        0x2 c:/progra~2/armgnu~1/12977f~1.2mp/bin/../lib/gcc/arm-none-eabi/12.2.1/thumb/v7-m/nofp\libg_nano.a(libc_a-lock.o)
 .text.__retarget_lock_acquire
                0x00000000        0x2 c:/progra~2/armgnu~1/12977f~1.2mp/bin/../lib/gcc/arm-none-eabi/12.2.1/thumb/v7-m/nofp\libg_nano.a(libc_a-lock.o)
 .text.__retarget_lock_acquire_recursive
                0x00000000        0x2 c:/progra~2/armgnu~1/12977f~1.2mp/bin/../lib/gcc/arm-none-eabi/12.2.1/thumb/v7-m/nofp\libg_nano.a(libc_a-lock.o)
 .text.__retarget_lock_try_acquire
                0x00000000        0x4 c:/progra~2/armgnu~1/12977f~1.2mp/bin/../lib/gcc/arm-none-eabi/12.2.1/thumb/v7-m/nofp\libg_nano.a(libc_a-lock.o)
 .text.__retarget_lock_try_acquire_recursive
                0x00000000        0x4 c:/progra~2/armgnu~1/12977f~1.2mp/bin/../lib/gcc/arm-none-eabi/12.2.1/thumb/v7-m/nofp\libg_nano.a(libc_a-lock.o)
 .text.__retarget_lock_release
                0x00000000        0x2 c:/progra~2/armgnu~1/12977f~1.2mp/bin/../lib/gcc/arm-none-eabi/12.2.1/thumb/v7-m/nofp\libg_nano.a(libc_a-lock.o)
 .text.__retarget_lock_release_recursive
                0x00000000        0x2 c:/progra~2/armgnu~1/12977f~1.2mp/bin/../lib/gcc/arm-none-eabi/12.2.1/thumb/v7-m/nofp\libg_nano.a(libc_a-lock.o)
 .bss.__lock___arc4random_mutex
                0x00000000        0x1 c:/progra~2/armgnu~1/12977f~1.2mp/bin/../lib/gcc/arm-none-eabi/12.2.1/thumb/v7-m/nofp\libg_nano.a(libc_a-lock.o)
 .bss.__lock___dd_hash_mutex
                0x00000000        0x1 c:/progra~2/armgnu~1/12977f~1.2mp/bin/../lib/gcc/arm-none-eabi/12.2.1/thumb/v7-m/nofp\libg_nano.a(libc_a-lock.o)
 .bss.__lock___tz_mutex
                0x00000000        0x1 c:/progra~2/armgnu~1/12977f~1.2mp/bin/../lib/gcc/arm-none-eabi/12.2.1/thumb/v7-m/nofp\libg_nano.a(libc_a-lock.o)
 .bss.__lock___env_recursive_mutex
                0x00000000        0x1 c:/progra~2/armgnu~1/12977f~1.2mp/bin/../lib/gcc/arm-none-eabi/12.2.1/thumb/v7-m/nofp\libg_nano.a(libc_a-lock.o)
 .bss.__lock___malloc_recursive_mutex
                0x00000000        0x1 c:/progra~2/armgnu~1/12977f~1.2mp/bin/../lib/gcc/arm-none-eabi/12.2.1/thumb/v7-m/nofp\libg_nano.a(libc_a-lock.o)
 .bss.__lock___at_quick_exit_mutex
                0x00000000        0x1 c:/progra~2/armgnu~1/12977f~1.2mp/bin/../lib/gcc/arm-none-eabi/12.2.1/thumb/v7-m/nofp\libg_nano.a(libc_a-lock.o)
 .bss.__lock___atexit_recursive_mutex
                0x00000000        0x1 c:/progra~2/armgnu~1/12977f~1.2mp/bin/../lib/gcc/arm-none-eabi/12.2.1/thumb/v7-m/nofp\libg_nano.a(libc_a-lock.o)
 .bss.__lock___sfp_recursive_mutex
                0x00000000        0x1 c:/progra~2/armgnu~1/12977f~1.2mp/bin/../lib/gcc/arm-none-eabi/12.2.1/thumb/v7-m/nofp\libg_nano.a(libc_a-lock.o)
 .debug_frame   0x00000000       0xb0 c:/progra~2/armgnu~1/12977f~1.2mp/bin/../lib/gcc/arm-none-eabi/12.2.1/thumb/v7-m/nofp\libg_nano.a(libc_a-lock.o)
 .ARM.attributes
                0x00000000       0x2d c:/progra~2/armgnu~1/12977f~1.2mp/bin/../lib/gcc/arm-none-eabi/12.2.1/thumb/v7-m/nofp\libg_nano.a(libc_a-lock.o)
 .text          0x00000000        0x0 c:/progra~2/armgnu~1/12977f~1.2mp/bin/../lib/gcc/arm-none-eabi/12.2.1/thumb/v7-m/nofp\libg_nano.a(libc_a-freer.o)
 .data          0x00000000        0x0 c:/progra~2/armgnu~1/12977f~1.2mp/bin/../lib/gcc/arm-none-eabi/12.2.1/thumb/v7-m/nofp\libg_nano.a(libc_a-freer.o)
 .bss           0x00000000        0x0 c:/progra~2/armgnu~1/12977f~1.2mp/bin/../lib/gcc/arm-none-eabi/12.2.1/thumb/v7-m/nofp\libg_nano.a(libc_a-freer.o)
 .text._free_r  0x00000000       0x90 c:/progra~2/armgnu~1/12977f~1.2mp/bin/../lib/gcc/arm-none-eabi/12.2.1/thumb/v7-m/nofp\libg_nano.a(libc_a-freer.o)
 .debug_frame   0x00000000       0x38 c:/progra~2/armgnu~1/12977f~1.2mp/bin/../lib/gcc/arm-none-eabi/12.2.1/thumb/v7-m/nofp\libg_nano.a(libc_a-freer.o)
 .ARM.attributes
                0x00000000       0x2d c:/progra~2/armgnu~1/12977f~1.2mp/bin/../lib/gcc/arm-none-eabi/12.2.1/thumb/v7-m/nofp\libg_nano.a(libc_a-freer.o)
 .text          0x00000000        0x0 c:/progra~2/armgnu~1/12977f~1.2mp/bin/../lib/gcc/arm-none-eabi/12.2.1/thumb/v7-m/nofp\libg_nano.a(libc_a-mallocr.o)
 .data          0x00000000        0x0 c:/progra~2/armgnu~1/12977f~1.2mp/bin/../lib/gcc/arm-none-eabi/12.2.1/thumb/v7-m/nofp\libg_nano.a(libc_a-mallocr.o)
 .bss           0x00000000        0x0 c:/progra~2/armgnu~1/12977f~1.2mp/bin/../lib/gcc/arm-none-eabi/12.2.1/thumb/v7-m/nofp\libg_nano.a(libc_a-mallocr.o)
 .text.sbrk_aligned
                0x00000000       0x44 c:/progra~2/armgnu~1/12977f~1.2mp/bin/../lib/gcc/arm-none-eabi/12.2.1/thumb/v7-m/nofp\libg_nano.a(libc_a-mallocr.o)
 .text._malloc_r
                0x00000000      0x100 c:/progra~2/armgnu~1/12977f~1.2mp/bin/../lib/gcc/arm-none-eabi/12.2.1/thumb/v7-m/nofp\libg_nano.a(libc_a-mallocr.o)
 .bss.__malloc_sbrk_start
                0x00000000        0x4 c:/progra~2/armgnu~1/12977f~1.2mp/bin/../lib/gcc/arm-none-eabi/12.2.1/thumb/v7-m/nofp\libg_nano.a(libc_a-mallocr.o)
 .bss.__malloc_free_list
                0x00000000        0x4 c:/progra~2/armgnu~1/12977f~1.2mp/bin/../lib/gcc/arm-none-eabi/12.2.1/thumb/v7-m/nofp\libg_nano.a(libc_a-mallocr.o)
 .debug_frame   0x00000000       0x50 c:/progra~2/armgnu~1/12977f~1.2mp/bin/../lib/gcc/arm-none-eabi/12.2.1/thumb/v7-m/nofp\libg_nano.a(libc_a-mallocr.o)
 .ARM.attributes
                0x00000000       0x2d c:/progra~2/armgnu~1/12977f~1.2mp/bin/../lib/gcc/arm-none-eabi/12.2.1/thumb/v7-m/nofp\libg_nano.a(libc_a-mallocr.o)
 .text          0x00000000        0x0 c:/progra~2/armgnu~1/12977f~1.2mp/bin/../lib/gcc/arm-none-eabi/12.2.1/thumb/v7-m/nofp\libg_nano.a(libc_a-mlock.o)
 .data          0x00000000        0x0 c:/progra~2/armgnu~1/12977f~1.2mp/bin/../lib/gcc/arm-none-eabi/12.2.1/thumb/v7-m/nofp\libg_nano.a(libc_a-mlock.o)
 .bss           0x00000000        0x0 c:/progra~2/armgnu~1/12977f~1.2mp/bin/../lib/gcc/arm-none-eabi/12.2.1/thumb/v7-m/nofp\libg_nano.a(libc_a-mlock.o)
 .text.__malloc_lock
                0x00000000        0xc c:/progra~2/armgnu~1/12977f~1.2mp/bin/../lib/gcc/arm-none-eabi/12.2.1/thumb/v7-m/nofp\libg_nano.a(libc_a-mlock.o)
 .text.__malloc_unlock
                0x00000000        0xc c:/progra~2/armgnu~1/12977f~1.2mp/bin/../lib/gcc/arm-none-eabi/12.2.1/thumb/v7-m/nofp\libg_nano.a(libc_a-mlock.o)
 .debug_frame   0x00000000       0x30 c:/progra~2/armgnu~1/12977f~1.2mp/bin/../lib/gcc/arm-none-eabi/12.2.1/thumb/v7-m/nofp\libg_nano.a(libc_a-mlock.o)
 .ARM.attributes
                0x00000000       0x2d c:/progra~2/armgnu~1/12977f~1.2mp/bin/../lib/gcc/arm-none-eabi/12.2.1/thumb/v7-m/nofp\libg_nano.a(libc_a-mlock.o)
 .text          0x00000000        0x0 c:/progra~2/armgnu~1/12977f~1.2mp/bin/../lib/gcc/arm-none-eabi/12.2.1/thumb/v7-m/nofp\libg_nano.a(libc_a-fflush.o)
 .data          0x00000000        0x0 c:/progra~2/armgnu~1/12977f~1.2mp/bin/../lib/gcc/arm-none-eabi/12.2.1/thumb/v7-m/nofp\libg_nano.a(libc_a-fflush.o)
 .bss           0x00000000        0x0 c:/progra~2/armgnu~1/12977f~1.2mp/bin/../lib/gcc/arm-none-eabi/12.2.1/thumb/v7-m/nofp\libg_nano.a(libc_a-fflush.o)
 .text.__sflush_r
                0x00000000      0x100 c:/progra~2/armgnu~1/12977f~1.2mp/bin/../lib/gcc/arm-none-eabi/12.2.1/thumb/v7-m/nofp\libg_nano.a(libc_a-fflush.o)
 .text._fflush_r
                0x00000000       0x50 c:/progra~2/armgnu~1/12977f~1.2mp/bin/../lib/gcc/arm-none-eabi/12.2.1/thumb/v7-m/nofp\libg_nano.a(libc_a-fflush.o)
 .text.fflush   0x00000000       0x28 c:/progra~2/armgnu~1/12977f~1.2mp/bin/../lib/gcc/arm-none-eabi/12.2.1/thumb/v7-m/nofp\libg_nano.a(libc_a-fflush.o)
 .debug_frame   0x00000000       0x5c c:/progra~2/armgnu~1/12977f~1.2mp/bin/../lib/gcc/arm-none-eabi/12.2.1/thumb/v7-m/nofp\libg_nano.a(libc_a-fflush.o)
 .ARM.attributes
                0x00000000       0x2d c:/progra~2/armgnu~1/12977f~1.2mp/bin/../lib/gcc/arm-none-eabi/12.2.1/thumb/v7-m/nofp\libg_nano.a(libc_a-fflush.o)
 .text          0x00000000        0x0 c:/progra~2/armgnu~1/12977f~1.2mp/bin/../lib/gcc/arm-none-eabi/12.2.1/thumb/v7-m/nofp\libg_nano.a(libc_a-sbrkr.o)
 .data          0x00000000        0x0 c:/progra~2/armgnu~1/12977f~1.2mp/bin/../lib/gcc/arm-none-eabi/12.2.1/thumb/v7-m/nofp\libg_nano.a(libc_a-sbrkr.o)
 .bss           0x00000000        0x0 c:/progra~2/armgnu~1/12977f~1.2mp/bin/../lib/gcc/arm-none-eabi/12.2.1/thumb/v7-m/nofp\libg_nano.a(libc_a-sbrkr.o)
 .text._sbrk_r  0x00000000       0x20 c:/progra~2/armgnu~1/12977f~1.2mp/bin/../lib/gcc/arm-none-eabi/12.2.1/thumb/v7-m/nofp\libg_nano.a(libc_a-sbrkr.o)
 .debug_frame   0x00000000       0x2c c:/progra~2/armgnu~1/12977f~1.2mp/bin/../lib/gcc/arm-none-eabi/12.2.1/thumb/v7-m/nofp\libg_nano.a(libc_a-sbrkr.o)
 .ARM.attributes
                0x00000000       0x2d c:/progra~2/armgnu~1/12977f~1.2mp/bin/../lib/gcc/arm-none-eabi/12.2.1/thumb/v7-m/nofp\libg_nano.a(libc_a-sbrkr.o)
 .text          0x00000000        0x0 c:/progra~2/armgnu~1/12977f~1.2mp/bin/../lib/gcc/arm-none-eabi/12.2.1/thumb/v7-m/nofp/crtend.o
 .data          0x00000000        0x0 c:/progra~2/armgnu~1/12977f~1.2mp/bin/../lib/gcc/arm-none-eabi/12.2.1/thumb/v7-m/nofp/crtend.o
 .bss           0x00000000        0x0 c:/progra~2/armgnu~1/12977f~1.2mp/bin/../lib/gcc/arm-none-eabi/12.2.1/thumb/v7-m/nofp/crtend.o
 .rodata.all_implied_fbits
                0x00000000       0x24 c:/progra~2/armgnu~1/12977f~1.2mp/bin/../lib/gcc/arm-none-eabi/12.2.1/thumb/v7-m/nofp/crtend.o
 .eh_frame      0x00000000        0x4 c:/progra~2/armgnu~1/12977f~1.2mp/bin/../lib/gcc/arm-none-eabi/12.2.1/thumb/v7-m/nofp/crtend.o
 .text          0x00000000        0x0 c:/progra~2/armgnu~1/12977f~1.2mp/bin/../lib/gcc/arm-none-eabi/12.2.1/thumb/v7-m/nofp/crtn.o
 .data          0x00000000        0x0 c:/progra~2/armgnu~1/12977f~1.2mp/bin/../lib/gcc/arm-none-eabi/12.2.1/thumb/v7-m/nofp/crtn.o
 .bss           0x00000000        0x0 c:/progra~2/armgnu~1/12977f~1.2mp/bin/../lib/gcc/arm-none-eabi/12.2.1/thumb/v7-m/nofp/crtn.o

Memory Configuration

Name             Origin             Length             Attributes
RAM              0x20000000         0x00005000         xrw
FLASH            0x08000000         0x00010000         xr
*default*        0x00000000         0xffffffff

Linker script and memory map

LOAD c:/progra~2/armgnu~1/12977f~1.2mp/bin/../lib/gcc/arm-none-eabi/12.2.1/thumb/v7-m/nofp/crti.o
LOAD c:/progra~2/armgnu~1/12977f~1.2mp/bin/../lib/gcc/arm-none-eabi/12.2.1/thumb/v7-m/nofp/crtbegin.o
LOAD c:/progra~2/armgnu~1/12977f~1.2mp/bin/../lib/gcc/arm-none-eabi/12.2.1/thumb/v7-m/nofp/crt0.o
LOAD CMakeFiles/GPIO_Bare_Metal.dir/Core/Src/gpio.c.obj
LOAD CMakeFiles/GPIO_Bare_Metal.dir/Core/Src/main.c.obj
LOAD CMakeFiles/GPIO_Bare_Metal.dir/Core/Src/system_stm32f1xx.c.obj
LOAD CMakeFiles/GPIO_Bare_Metal.dir/startup_stm32f103xb.s.obj
START GROUP
LOAD c:/progra~2/armgnu~1/12977f~1.2mp/bin/../lib/gcc/arm-none-eabi/12.2.1/thumb/v7-m/nofp\libgcc.a
LOAD c:/progra~2/armgnu~1/12977f~1.2mp/bin/../lib/gcc/arm-none-eabi/12.2.1/thumb/v7-m/nofp\libg_nano.a
LOAD c:/progra~2/armgnu~1/12977f~1.2mp/bin/../lib/gcc/arm-none-eabi/12.2.1/thumb/v7-m/nofp\libc_nano.a
END GROUP
START GROUP
LOAD c:/progra~2/armgnu~1/12977f~1.2mp/bin/../lib/gcc/arm-none-eabi/12.2.1/thumb/v7-m/nofp\libgcc.a
LOAD c:/progra~2/armgnu~1/12977f~1.2mp/bin/../lib/gcc/arm-none-eabi/12.2.1/thumb/v7-m/nofp\libc_nano.a
END GROUP
LOAD c:/progra~2/armgnu~1/12977f~1.2mp/bin/../lib/gcc/arm-none-eabi/12.2.1/thumb/v7-m/nofp/crtend.o
LOAD c:/progra~2/armgnu~1/12977f~1.2mp/bin/../lib/gcc/arm-none-eabi/12.2.1/thumb/v7-m/nofp/crtn.o
                0x20005000                        _estack = (ORIGIN (RAM) + LENGTH (RAM))
                0x20004c00                        _sstack = (_estack - _Min_Stack_Size)
                0x00000200                        _Min_Heap_Size = 0x200
                0x00000400                        _Min_Stack_Size = 0x400

.isr_vector     0x08000000      0x10c
                0x08000000                        . = ALIGN (0x4)
 *(.isr_vector)
 .isr_vector    0x08000000      0x10c CMakeFiles/GPIO_Bare_Metal.dir/startup_stm32f103xb.s.obj
                0x08000000                g_pfnVectors
                0x0800010c                        . = ALIGN (0x4)

.text           0x0800010c      0x14c
                0x0800010c                        . = ALIGN (0x4)
 *(.text)
 *(.text*)
 .text.deregister_tm_clones
                0x0800010c       0x1c c:/progra~2/armgnu~1/12977f~1.2mp/bin/../lib/gcc/arm-none-eabi/12.2.1/thumb/v7-m/nofp/crtbegin.o
 .text.register_tm_clones
                0x08000128       0x24 c:/progra~2/armgnu~1/12977f~1.2mp/bin/../lib/gcc/arm-none-eabi/12.2.1/thumb/v7-m/nofp/crtbegin.o
 .text.__do_global_dtors_aux
                0x0800014c       0x28 c:/progra~2/armgnu~1/12977f~1.2mp/bin/../lib/gcc/arm-none-eabi/12.2.1/thumb/v7-m/nofp/crtbegin.o
 .text.frame_dummy
                0x08000174       0x24 c:/progra~2/armgnu~1/12977f~1.2mp/bin/../lib/gcc/arm-none-eabi/12.2.1/thumb/v7-m/nofp/crtbegin.o
 .text.main     0x08000198        0x8 CMakeFiles/GPIO_Bare_Metal.dir/Core/Src/main.c.obj
                0x08000198                main
 .text.SystemInit
                0x080001a0        0xc CMakeFiles/GPIO_Bare_Metal.dir/Core/Src/system_stm32f1xx.c.obj
                0x080001a0                SystemInit
 .text.Reset_Handler
                0x080001ac       0x48 CMakeFiles/GPIO_Bare_Metal.dir/startup_stm32f103xb.s.obj
                0x080001ac                Reset_Handler
 .text.Default_Handler
                0x080001f4        0x2 CMakeFiles/GPIO_Bare_Metal.dir/startup_stm32f103xb.s.obj
                0x080001f4                RTC_Alarm_IRQHandler
                0x080001f4                EXTI2_IRQHandler
                0x080001f4                DebugMon_Handler
                0x080001f4                TIM1_CC_IRQHandler
                0x080001f4                HardFault_Handler
                0x080001f4                SysTick_Handler
                0x080001f4                PVD_IRQHandler
                0x080001f4                PendSV_Handler
                0x080001f4                NMI_Handler
                0x080001f4                EXTI3_IRQHandler
                0x080001f4                EXTI0_IRQHandler
                0x080001f4                I2C2_EV_IRQHandler
                0x080001f4                UsageFault_Handler
                0x080001f4                ADC1_2_IRQHandler
                0x080001f4                SPI1_IRQHandler
                0x080001f4                TAMPER_IRQHandler
                0x080001f4                DMA1_Channel4_IRQHandler
                0x080001f4                USART3_IRQHandler
                0x080001f4                RTC_IRQHandler
                0x080001f4                DMA1_Channel7_IRQHandler
                0x080001f4                CAN1_RX1_IRQHandler
                0x080001f4                TIM4_IRQHandler
                0x080001f4                I2C1_EV_IRQHandler
                0x080001f4                DMA1_Channel6_IRQHandler
                0x080001f4                TIM3_IRQHandler
                0x080001f4                RCC_IRQHandler
                0x080001f4                TIM1_TRG_COM_IRQHandler
                0x080001f4                DMA1_Channel1_IRQHandler
                0x080001f4                Default_Handler
                0x080001f4                EXTI15_10_IRQHandler
                0x080001f4                EXTI9_5_IRQHandler
                0x080001f4                SPI2_IRQHandler
                0x080001f4                MemManage_Handler
                0x080001f4                SVC_Handler
                0x080001f4                DMA1_Channel5_IRQHandler
                0x080001f4                EXTI4_IRQHandler
                0x080001f4                USB_LP_CAN1_RX0_IRQHandler
                0x080001f4                USB_HP_CAN1_TX_IRQHandler
                0x080001f4                DMA1_Channel3_IRQHandler
                0x080001f4                TIM1_UP_IRQHandler
                0x080001f4                WWDG_IRQHandler
                0x080001f4                TIM2_IRQHandler
                0x080001f4                TIM1_BRK_IRQHandler
                0x080001f4                EXTI1_IRQHandler
                0x080001f4                USART2_IRQHandler
                0x080001f4                I2C2_ER_IRQHandler
                0x080001f4                DMA1_Channel2_IRQHandler
                0x080001f4                CAN1_SCE_IRQHandler
                0x080001f4                FLASH_IRQHandler
                0x080001f4                BusFault_Handler
                0x080001f4                USART1_IRQHandler
                0x080001f4                I2C1_ER_IRQHandler
                0x080001f4                USBWakeUp_IRQHandler
 *fill*         0x080001f6        0x2 
 .text.__libc_init_array
                0x080001f8       0x48 c:/progra~2/armgnu~1/12977f~1.2mp/bin/../lib/gcc/arm-none-eabi/12.2.1/thumb/v7-m/nofp\libg_nano.a(libc_a-init.o)
                0x080001f8                __libc_init_array
 *(.glue_7)
 .glue_7        0x08000240        0x0 linker stubs
 *(.glue_7t)
 .glue_7t       0x08000240        0x0 linker stubs
 *(.eh_frame)
 .eh_frame      0x08000240        0x0 c:/progra~2/armgnu~1/12977f~1.2mp/bin/../lib/gcc/arm-none-eabi/12.2.1/thumb/v7-m/nofp/crtbegin.o
 *(.init)
 .init          0x08000240        0x4 c:/progra~2/armgnu~1/12977f~1.2mp/bin/../lib/gcc/arm-none-eabi/12.2.1/thumb/v7-m/nofp/crti.o
                0x08000240                _init
 .init          0x08000244        0x8 c:/progra~2/armgnu~1/12977f~1.2mp/bin/../lib/gcc/arm-none-eabi/12.2.1/thumb/v7-m/nofp/crtn.o
 *(.fini)
 .fini          0x0800024c        0x4 c:/progra~2/armgnu~1/12977f~1.2mp/bin/../lib/gcc/arm-none-eabi/12.2.1/thumb/v7-m/nofp/crti.o
                0x0800024c                _fini
 .fini          0x08000250        0x8 c:/progra~2/armgnu~1/12977f~1.2mp/bin/../lib/gcc/arm-none-eabi/12.2.1/thumb/v7-m/nofp/crtn.o
                0x08000258                        . = ALIGN (0x4)
                0x08000258                        _etext = .

.vfp11_veneer   0x08000258        0x0
 .vfp11_veneer  0x08000258        0x0 linker stubs

.v4_bx          0x08000258        0x0
 .v4_bx         0x08000258        0x0 linker stubs

.iplt           0x08000258        0x0
 .iplt          0x08000258        0x0 c:/progra~2/armgnu~1/12977f~1.2mp/bin/../lib/gcc/arm-none-eabi/12.2.1/thumb/v7-m/nofp/crtbegin.o

.rodata         0x08000258        0x0
                0x08000258                        . = ALIGN (0x4)
 *(.rodata)
 *(.rodata*)
                0x08000258                        . = ALIGN (0x4)

.ARM.extab      0x08000258        0x0
                0x08000258                        . = ALIGN (0x4)
 *(.ARM.extab* .gnu.linkonce.armextab.*)
                0x08000258                        . = ALIGN (0x4)

.ARM            0x08000258        0x0
                0x08000258                        . = ALIGN (0x4)
                0x08000258                        __exidx_start = .
 *(.ARM.exidx*)
                0x08000258                        __exidx_end = .
                0x08000258                        . = ALIGN (0x4)

.preinit_array  0x08000258        0x0
                0x08000258                        . = ALIGN (0x4)
                0x08000258                        PROVIDE (__preinit_array_start = .)
 *(.preinit_array*)
                0x08000258                        PROVIDE (__preinit_array_end = .)
                0x08000258                        . = ALIGN (0x4)

.init_array     0x08000258        0x4
                0x08000258                        . = ALIGN (0x4)
                0x08000258                        PROVIDE (__init_array_start = .)
 *(SORT_BY_NAME(.init_array.*))
 *(.init_array*)
 .init_array    0x08000258        0x4 c:/progra~2/armgnu~1/12977f~1.2mp/bin/../lib/gcc/arm-none-eabi/12.2.1/thumb/v7-m/nofp/crtbegin.o
                0x0800025c                        PROVIDE (__init_array_end = .)
                0x0800025c                        . = ALIGN (0x4)

.fini_array     0x0800025c        0x4
                0x0800025c                        . = ALIGN (0x4)
                [!provide]                        PROVIDE (__fini_array_start = .)
 *(SORT_BY_NAME(.fini_array.*))
 *(.fini_array*)
 .fini_array    0x0800025c        0x4 c:/progra~2/armgnu~1/12977f~1.2mp/bin/../lib/gcc/arm-none-eabi/12.2.1/thumb/v7-m/nofp/crtbegin.o
                [!provide]                        PROVIDE (__fini_array_end = .)
                0x08000260                        . = ALIGN (0x4)
                0x08000260                        _sidata = LOADADDR (.data)

.rel.dyn        0x08000260        0x0
 .rel.iplt      0x08000260        0x0 c:/progra~2/armgnu~1/12977f~1.2mp/bin/../lib/gcc/arm-none-eabi/12.2.1/thumb/v7-m/nofp/crtbegin.o

.data           0x20000000        0x0 load address 0x08000260
                0x20000000                        . = ALIGN (0x4)
                0x20000000                        _sdata = .
 *(.data)
 *(.data*)
 *(.RamFunc)
 *(.RamFunc*)
                0x20000000                        . = ALIGN (0x4)

.tm_clone_table
                0x20000000        0x0 load address 0x08000260
 .tm_clone_table
                0x20000000        0x0 c:/progra~2/armgnu~1/12977f~1.2mp/bin/../lib/gcc/arm-none-eabi/12.2.1/thumb/v7-m/nofp/crtbegin.o
 .tm_clone_table
                0x20000000        0x0 c:/progra~2/armgnu~1/12977f~1.2mp/bin/../lib/gcc/arm-none-eabi/12.2.1/thumb/v7-m/nofp/crtend.o

.igot.plt       0x20000000        0x0 load address 0x08000260
 .igot.plt      0x20000000        0x0 c:/progra~2/armgnu~1/12977f~1.2mp/bin/../lib/gcc/arm-none-eabi/12.2.1/thumb/v7-m/nofp/crtbegin.o

.tdata          0x20000000        0x0 load address 0x08000260
 *(.tdata .tdata.* .gnu.linkonce.td.*)
                0x20000000                        . = ALIGN (0x4)
                0x20000000                        _edata = .
                [!provide]                        PROVIDE (__data_end = .)
                [!provide]                        PROVIDE (__tdata_end = .)
                [!provide]                        PROVIDE (__tdata_start = ADDR (.tdata))
                [!provide]                        PROVIDE (__tdata_size = (__tdata_end - __tdata_start))
                [!provide]                        PROVIDE (__data_start = ADDR (.data))
                [!provide]                        PROVIDE (__data_size = (__data_end - __data_start))
                [!provide]                        PROVIDE (__tdata_source = LOADADDR (.tdata))
                [!provide]                        PROVIDE (__tdata_source_end = (LOADADDR (.tdata) + SIZEOF (.tdata)))
                [!provide]                        PROVIDE (__tdata_source_size = (__tdata_source_end - __tdata_source))
                [!provide]                        PROVIDE (__data_source = LOADADDR (.data))
                [!provide]                        PROVIDE (__data_source_end = __tdata_source_end)
                [!provide]                        PROVIDE (__data_source_size = (__data_source_end - __data_source))

.tbss           0x20000000        0x0 load address 0x08000260
                0x20000000                        _sbss = .
                0x20000000                        __bss_start__ = _sbss
 *(.tbss .tbss.*)
                0x20000000                        . = ALIGN (0x4)
                [!provide]                        PROVIDE (__tbss_end = .)
                [!provide]                        PROVIDE (__tbss_start = ADDR (.tbss))
                [!provide]                        PROVIDE (__tbss_size = (__tbss_end - __tbss_start))
                [!provide]                        PROVIDE (__tbss_offset = (ADDR (.tbss) - ADDR (.tdata)))
                [!provide]                        PROVIDE (__tls_base = __tdata_start)
                [!provide]                        PROVIDE (__tls_end = __tbss_end)
                [!provide]                        PROVIDE (__tls_size = (__tls_end - __tls_base))
                [!provide]                        PROVIDE (__tls_align = MAX (ALIGNOF (.tdata), ALIGNOF (.tbss)))
                [!provide]                        PROVIDE (__tls_size_align = (((__tls_size + __tls_align) - 0x1) & ~ ((__tls_align - 0x1))))
                [!provide]                        PROVIDE (__arm32_tls_tcb_offset = MAX (0x8, __tls_align))
                [!provide]                        PROVIDE (__arm64_tls_tcb_offset = MAX (0x10, __tls_align))

.bss            0x20000000       0x1c load address 0x08000260
 *(.bss)
 *(.bss*)
 .bss.completed.1
                0x20000000        0x1 c:/progra~2/armgnu~1/12977f~1.2mp/bin/../lib/gcc/arm-none-eabi/12.2.1/thumb/v7-m/nofp/crtbegin.o
 *fill*         0x20000001        0x3 
 .bss.object.0  0x20000004       0x18 c:/progra~2/armgnu~1/12977f~1.2mp/bin/../lib/gcc/arm-none-eabi/12.2.1/thumb/v7-m/nofp/crtbegin.o
 *(COMMON)
                0x2000001c                        . = ALIGN (0x4)
                0x2000001c                        _ebss = .
                0x2000001c                        __bss_end__ = _ebss
                [!provide]                        PROVIDE (__bss_end = .)
                [!provide]                        PROVIDE (__non_tls_bss_start = ADDR (.bss))
                [!provide]                        PROVIDE (__bss_start = __tbss_start)
                [!provide]                        PROVIDE (__bss_size = (__bss_end - __bss_start))

._user_heap_stack
                0x2000001c      0x604 load address 0x08000260
                0x20000020                        . = ALIGN (0x8)
 *fill*         0x2000001c        0x4 
                [!provide]                        PROVIDE (end = .)
                [!provide]                        PROVIDE (_end = .)
                0x20000220                        . = (. + _Min_Heap_Size)
 *fill*         0x20000020      0x200 
                0x20000620                        . = (. + _Min_Stack_Size)
 *fill*         0x20000220      0x400 
                0x20000620                        . = ALIGN (0x8)

/DISCARD/
 libc.a:*(*)
 libm.a:*(*)
 libgcc.a:*(*)
OUTPUT(GPIO_Bare_Metal.elf elf32-littlearm)
LOAD linker stubs

.ARM.attributes
                0x00000000       0x29
 .ARM.attributes
                0x00000000       0x1d c:/progra~2/armgnu~1/12977f~1.2mp/bin/../lib/gcc/arm-none-eabi/12.2.1/thumb/v7-m/nofp/crti.o
 .ARM.attributes
                0x0000001d       0x2d c:/progra~2/armgnu~1/12977f~1.2mp/bin/../lib/gcc/arm-none-eabi/12.2.1/thumb/v7-m/nofp/crtbegin.o
 .ARM.attributes
                0x0000004a       0x2d CMakeFiles/GPIO_Bare_Metal.dir/Core/Src/main.c.obj
 .ARM.attributes
                0x00000077       0x2d CMakeFiles/GPIO_Bare_Metal.dir/Core/Src/system_stm32f1xx.c.obj
 .ARM.attributes
                0x000000a4       0x21 CMakeFiles/GPIO_Bare_Metal.dir/startup_stm32f103xb.s.obj
 .ARM.attributes
                0x000000c5       0x2d c:/progra~2/armgnu~1/12977f~1.2mp/bin/../lib/gcc/arm-none-eabi/12.2.1/thumb/v7-m/nofp\libg_nano.a(libc_a-init.o)
 .ARM.attributes
                0x000000f2       0x2d c:/progra~2/armgnu~1/12977f~1.2mp/bin/../lib/gcc/arm-none-eabi/12.2.1/thumb/v7-m/nofp/crtend.o
 .ARM.attributes
                0x0000011f       0x1d c:/progra~2/armgnu~1/12977f~1.2mp/bin/../lib/gcc/arm-none-eabi/12.2.1/thumb/v7-m/nofp/crtn.o

.comment        0x00000000       0x55
 .comment       0x00000000       0x55 CMakeFiles/GPIO_Bare_Metal.dir/Core/Src/main.c.obj
                                 0x56 (size before relaxing)
 .comment       0x00000055       0x56 CMakeFiles/GPIO_Bare_Metal.dir/Core/Src/system_stm32f1xx.c.obj

.debug_info     0x00000000      0x2e0
 .debug_info    0x00000000       0x95 CMakeFiles/GPIO_Bare_Metal.dir/Core/Src/main.c.obj
 .debug_info    0x00000095      0x21b CMakeFiles/GPIO_Bare_Metal.dir/Core/Src/system_stm32f1xx.c.obj
 .debug_info    0x000002b0       0x30 CMakeFiles/GPIO_Bare_Metal.dir/startup_stm32f103xb.s.obj

.debug_abbrev   0x00000000      0x1aa
 .debug_abbrev  0x00000000       0x47 CMakeFiles/GPIO_Bare_Metal.dir/Core/Src/main.c.obj
 .debug_abbrev  0x00000047      0x13f CMakeFiles/GPIO_Bare_Metal.dir/Core/Src/system_stm32f1xx.c.obj
 .debug_abbrev  0x00000186       0x24 CMakeFiles/GPIO_Bare_Metal.dir/startup_stm32f103xb.s.obj

.debug_aranges  0x00000000       0x70
 .debug_aranges
                0x00000000       0x20 CMakeFiles/GPIO_Bare_Metal.dir/Core/Src/main.c.obj
 .debug_aranges
                0x00000020       0x28 CMakeFiles/GPIO_Bare_Metal.dir/Core/Src/system_stm32f1xx.c.obj
 .debug_aranges
                0x00000048       0x28 CMakeFiles/GPIO_Bare_Metal.dir/startup_stm32f103xb.s.obj

.debug_rnglists
                0x00000000       0x46
 .debug_rnglists
                0x00000000       0x13 CMakeFiles/GPIO_Bare_Metal.dir/Core/Src/main.c.obj
 .debug_rnglists
                0x00000013       0x1a CMakeFiles/GPIO_Bare_Metal.dir/Core/Src/system_stm32f1xx.c.obj
 .debug_rnglists
                0x0000002d       0x19 CMakeFiles/GPIO_Bare_Metal.dir/startup_stm32f103xb.s.obj

.debug_macro    0x00000000    0x100d2
 .debug_macro   0x00000000      0x194 CMakeFiles/GPIO_Bare_Metal.dir/Core/Src/main.c.obj
 .debug_macro   0x00000194       0x2e CMakeFiles/GPIO_Bare_Metal.dir/Core/Src/main.c.obj
 .debug_macro   0x000001c2       0x22 CMakeFiles/GPIO_Bare_Metal.dir/Core/Src/main.c.obj
 .debug_macro   0x000001e4       0x22 CMakeFiles/GPIO_Bare_Metal.dir/Core/Src/main.c.obj
 .debug_macro   0x00000206       0x8e CMakeFiles/GPIO_Bare_Metal.dir/Core/Src/main.c.obj
 .debug_macro   0x00000294       0x51 CMakeFiles/GPIO_Bare_Metal.dir/Core/Src/main.c.obj
 .debug_macro   0x000002e5      0x103 CMakeFiles/GPIO_Bare_Metal.dir/Core/Src/main.c.obj
 .debug_macro   0x000003e8       0x6a CMakeFiles/GPIO_Bare_Metal.dir/Core/Src/main.c.obj
 .debug_macro   0x00000452      0x1df CMakeFiles/GPIO_Bare_Metal.dir/Core/Src/main.c.obj
 .debug_macro   0x00000631       0x1c CMakeFiles/GPIO_Bare_Metal.dir/Core/Src/main.c.obj
 .debug_macro   0x0000064d       0x22 CMakeFiles/GPIO_Bare_Metal.dir/Core/Src/main.c.obj
 .debug_macro   0x0000066f       0xbd CMakeFiles/GPIO_Bare_Metal.dir/Core/Src/main.c.obj
 .debug_macro   0x0000072c      0xd23 CMakeFiles/GPIO_Bare_Metal.dir/Core/Src/main.c.obj
 .debug_macro   0x0000144f     0xe09e CMakeFiles/GPIO_Bare_Metal.dir/Core/Src/main.c.obj
 .debug_macro   0x0000f4ed       0x6d CMakeFiles/GPIO_Bare_Metal.dir/Core/Src/main.c.obj
 .debug_macro   0x0000f55a       0x7b CMakeFiles/GPIO_Bare_Metal.dir/Core/Src/main.c.obj
 .debug_macro   0x0000f5d5       0x24 CMakeFiles/GPIO_Bare_Metal.dir/Core/Src/main.c.obj
 .debug_macro   0x0000f5f9       0x3c CMakeFiles/GPIO_Bare_Metal.dir/Core/Src/main.c.obj
 .debug_macro   0x0000f635       0x34 CMakeFiles/GPIO_Bare_Metal.dir/Core/Src/main.c.obj
 .debug_macro   0x0000f669       0x16 CMakeFiles/GPIO_Bare_Metal.dir/Core/Src/main.c.obj
 .debug_macro   0x0000f67f       0x9e CMakeFiles/GPIO_Bare_Metal.dir/Core/Src/main.c.obj
 .debug_macro   0x0000f71d      0x369 CMakeFiles/GPIO_Bare_Metal.dir/Core/Src/main.c.obj
 .debug_macro   0x0000fa86      0x10b CMakeFiles/GPIO_Bare_Metal.dir/Core/Src/main.c.obj
 .debug_macro   0x0000fb91       0x10 CMakeFiles/GPIO_Bare_Metal.dir/Core/Src/main.c.obj
 .debug_macro   0x0000fba1       0x16 CMakeFiles/GPIO_Bare_Metal.dir/Core/Src/main.c.obj
 .debug_macro   0x0000fbb7       0x43 CMakeFiles/GPIO_Bare_Metal.dir/Core/Src/main.c.obj
 .debug_macro   0x0000fbfa       0x34 CMakeFiles/GPIO_Bare_Metal.dir/Core/Src/main.c.obj
 .debug_macro   0x0000fc2e       0x10 CMakeFiles/GPIO_Bare_Metal.dir/Core/Src/main.c.obj
 .debug_macro   0x0000fc3e       0x58 CMakeFiles/GPIO_Bare_Metal.dir/Core/Src/main.c.obj
 .debug_macro   0x0000fc96      0x1de CMakeFiles/GPIO_Bare_Metal.dir/Core/Src/main.c.obj
 .debug_macro   0x0000fe74       0x16 CMakeFiles/GPIO_Bare_Metal.dir/Core/Src/main.c.obj
 .debug_macro   0x0000fe8a       0x16 CMakeFiles/GPIO_Bare_Metal.dir/Core/Src/main.c.obj
 .debug_macro   0x0000fea0      0x170 CMakeFiles/GPIO_Bare_Metal.dir/Core/Src/main.c.obj
 .debug_macro   0x00010010       0xc2 CMakeFiles/GPIO_Bare_Metal.dir/Core/Src/system_stm32f1xx.c.obj

.debug_line     0x00000000      0x793
 .debug_line    0x00000000      0x391 CMakeFiles/GPIO_Bare_Metal.dir/Core/Src/main.c.obj
 .debug_line    0x00000391      0x38a CMakeFiles/GPIO_Bare_Metal.dir/Core/Src/system_stm32f1xx.c.obj
 .debug_line    0x0000071b       0x78 CMakeFiles/GPIO_Bare_Metal.dir/startup_stm32f103xb.s.obj

.debug_str      0x00000000    0x57a9b
 .debug_str     0x00000000    0x57907 CMakeFiles/GPIO_Bare_Metal.dir/Core/Src/main.c.obj
                              0x57ba0 (size before relaxing)
 .debug_str     0x00057907      0x125 CMakeFiles/GPIO_Bare_Metal.dir/Core/Src/system_stm32f1xx.c.obj
                              0x54758 (size before relaxing)
 .debug_str     0x00057a2c       0x6f CMakeFiles/GPIO_Bare_Metal.dir/startup_stm32f103xb.s.obj
                                 0xb2 (size before relaxing)

.debug_frame    0x00000000       0xac
 .debug_frame   0x00000000       0x28 CMakeFiles/GPIO_Bare_Metal.dir/Core/Src/main.c.obj
 .debug_frame   0x00000028       0x58 CMakeFiles/GPIO_Bare_Metal.dir/Core/Src/system_stm32f1xx.c.obj
 .debug_frame   0x00000080       0x2c c:/progra~2/armgnu~1/12977f~1.2mp/bin/../lib/gcc/arm-none-eabi/12.2.1/thumb/v7-m/nofp\libg_nano.a(libc_a-init.o)

.debug_line_str
                0x00000000       0x96
 .debug_line_str
                0x00000000       0x96 CMakeFiles/GPIO_Bare_Metal.dir/startup_stm32f103xb.s.obj
